Apr 04, 2023 8:58:10 PM controller.Manager initialize
INFO: initialize() was called!
Apr 04, 2023 8:58:10 PM controller.Manager loadData
INFO: LoadData() was called!
Apr 04, 2023 8:58:18 PM controller.Manager addToy
FINEST: addToy() was called!
Apr 04, 2023 8:58:29 PM controller.Manager addToy
FINEST: addToy() was called!
Apr 04, 2023 8:59:19 PM controller.Manager initialize
INFO: initialize() was called!
Apr 04, 2023 8:59:19 PM controller.Manager loadData
INFO: LoadData() was called!
Apr 04, 2023 8:59:40 PM controller.Manager addToy
FINEST: addToy() was called!
Apr 04, 2023 9:01:20 PM controller.Manager initialize
INFO: initialize() was called!
Apr 04, 2023 9:01:20 PM controller.Manager loadData
INFO: LoadData() was called!
Apr 04, 2023 9:01:33 PM controller.Manager addToy
FINEST: addToy() was called!
Apr 04, 2023 9:02:03 PM controller.Manager initialize
INFO: initialize() was called!
Apr 04, 2023 9:02:03 PM controller.Manager loadData
INFO: LoadData() was called!
Apr 04, 2023 9:02:13 PM controller.Manager addToy
FINEST: addToy() was called!
Apr 04, 2023 9:02:20 PM controller.Manager addToy
FINEST: addToy() was called!
Apr 04, 2023 9:02:23 PM controller.Manager addToy
FINEST: addToy() was called!
Apr 04, 2023 9:02:23 PM controller.Manager addToy
WARNING: Toy: 2345678900 was added successfully!
Apr 04, 2023 9:02:23 PM controller.Manager save
INFO: save() was called!
Apr 04, 2023 9:03:17 PM controller.Manager initialize
INFO: initialize() was called!
Apr 04, 2023 9:03:17 PM controller.Manager loadData
INFO: LoadData() was called!
Apr 04, 2023 9:03:30 PM controller.Manager addToy
FINEST: addToy() was called!
Apr 04, 2023 9:03:34 PM controller.Manager addToy
FINEST: addToy() was called!
Apr 04, 2023 9:03:36 PM controller.Manager addToy
FINEST: addToy() was called!
Apr 04, 2023 9:03:36 PM controller.Manager addToy
WARNING: Toy: 2345678900 was added successfully!
Apr 04, 2023 9:03:36 PM controller.Manager save
INFO: save() was called!
Apr 04, 2023 9:05:03 PM controller.Manager initialize
INFO: initialize() was called!
Apr 04, 2023 9:05:03 PM controller.Manager loadData
INFO: LoadData() was called!
Apr 04, 2023 9:05:22 PM controller.Manager addToy
FINEST: addToy() was called!
Apr 04, 2023 9:05:26 PM controller.Manager addToy
FINEST: addToy() was called!
Apr 04, 2023 9:05:26 PM controller.Manager addToy
WARNING: Toy: 2345678900 was added successfully!
Apr 04, 2023 9:05:26 PM controller.Manager save
INFO: save() was called!
Apr 04, 2023 9:05:27 PM controller.Manager addToy
FINEST: addToy() was called!
Apr 04, 2023 9:14:56 PM controller.Manager initialize
INFO: initialize() was called!
Apr 04, 2023 9:14:56 PM controller.Manager loadData
INFO: LoadData() was called!
